// Jest Snapshot v1, https://goo.gl/fbAQLP

exports[`Login Page matches snapshot 1`] = `
<main role="main" class="main">
  <div class="auth-box">
    <form novalidate="novalidate" class="auth-form">
      <h3 class="auth-form__title">Login to Chaka</h3>
      <p class="auth-form__subtitle">Enter your login details to proceed.</p>
      <div class="auth-form__group"><label class="form__label">Email <form-input-stub type="email" name="email" placeholder="Email Address"></form-input-stub></label></div>
      <div class="auth-form__group"><label class="form__label">Password
          <form-input-stub type="password" name="password" placeholder="Password"></form-input-stub></label></div>
      <error-block-stub type="login"></error-block-stub>
      <div class="auth-form__group">
        <div>
          <action-button-stub type="submit" classes="btn-full,btn__primary">Login</action-button-stub>
        </div>
        <section class="auth-form__meta">
          <p>
            Don't have an account?
            <a href="#/register" class="primary">Register now</a></p> <a href="#/forgot-password" class="primary">Forgot Password</a>
        </section>
      </div>
    </form>
  </div>
</main>
`;
