// Jest Snapshot v1, https://goo.gl/fbAQLP

exports[`NewsCard-vue snapshot renders props.collection when passed 1`] = `
<div class="card-news loader">
  <div class="loader-div"></div>
</div>
`;

exports[`NewsCard-vue snapshot renders props.dummy when passed 1`] = `
<div class="card-news loader">
  <div class="loader-div"></div>
</div>
`;

exports[`NewsCard-vue snapshot renders props.news when passed 1`] = `
<div class="card-news loader">
  <div class="loader-div"></div>
</div>
`;
